// Jest Snapshot v1, https://goo.gl/fbAQLP

exports[`App should render without error 1`] = `
<Provider
  store={
    Object {
      "@@observable": [Function],
      "dispatch": [Function],
      "getState": [Function],
      "replaceReducer": [Function],
      "subscribe": [Function],
    }
  }
>
  <div
    className="app"
  >
    <AppRouter />
  </div>
</Provider>
`;
